[2026-06-11 12:05:46] args: deck.cir -ascii -r deck.qraw

*****
***** Welcome to the Xyce(TM) Parallel Electronic Simulator
*****
***** This is version Xyce DEVELOPMENT-202605180000-()-opensource
***** Date: Thu Jun 11 12:05:47 PDT 2026


***** Executing netlist deck.qshim.xyce.cir

***** Reading and parsing netlist...
Netlist warning: No print specified
***** Setting up topology...

***** Device Count Summary ...
       Q level 1 (Bipolar Junction Transistor) 1
       R level 1 (Resistor)                    2
       V level 1 (Independent Voltage Source)  1
       -----------------------------------------
       Total Devices                           4
***** Setting up matrix structure...
***** Number of Unknowns = 4
***** Initializing...

------------------------------------------------------------
Operating point information:
Number of Bipolar Junction Transistor models: 1
          name           PH100
          type             NPN
         level               1
            XTI              3
             EG           1.11
            TCB              0
             TB              0
           ESUB              0
             KF              0
             MS              0

             PT              3
            VJE           0.75
            IKR              0
            JLC              0
            VJS           0.75
             C2              0
             BV              0
             NC              2

             PE           0.75
            VRB              0
             NR              1
            VTF              0
             NE            1.5
           TNOM             27
             BR              1
            XTF              0

             BF             90
            IRB              0
           XCJC              1
            PTF              0
             VA              0
            MJE           0.33
            VBF              0
            JLE              0

            CJS              0
            BFM             90
            VAF              0
            JRB              0
            ISC              0
             PS           0.75
             NK            0.5
             TF              0

             AF              1
            IKF              0
             IK              0
            BRM              1
            NLE            1.5
            RBM              0
            JBF              0
             IS          1e-16

            NKF            0.5
            IOB              0
             RE              0
            CJE              0
             FC            0.5
            MJS              0
            JBR              0
             ME           0.33

            VAR              0
            ITF              0
            VJC           0.75
            JTF              0
             VB              0
           CDIS              1
           PSUB           0.75
            CJC              0

             RB              0
             PC           0.75
            XTB              0
            MJC           0.33
             C4              0
             MC           0.33
            ISE              0
             TR              0

            CCS              0
             NF              1
             RC              0
           CSUB              0

Number of Bipolar Junction Transistor instances: 1
          name              Q1
         model           PH100
              M              1
            OFF              0
          DTEMP              0
           TEMP             27
            IC2              0
            IC1              0
           AREA              1


Number of Independent Voltage Source models: 1
          name V level 1 (Independent Voltage Source)
          type                
         level               1

Number of Independent Voltage Source instances: 1
          name              V1
         model V level 1 (Independent Voltage Source)
   DCSOURCETYPE              6
TRANSIENTSOURCETYPE              6
           DATA               
        TSAMPLE              0
             V9              0
             V8              0
             V7              0
          PHASE              0
            VHI              0
           FREQ              0
             TF              0
             V6              0
             FS              0
             VA              0
        ACPHASE              0
            VLO              0
            TD1              0
          THETA              0
            MDI              0
            NUM              0
             V2              0
             Z0             50
             V1              0
             TR              0
           TAU1              0
             PW              0
             V0              0
           TAU2              0
             TD              0
            PER              0
           DCV0             15
             RB              1
              V              0
            TD2              0
           PORT              0
          ACMAG              0
             FC              0
              R              0
              T              0
   ACSOURCETYPE              7
             V3              0
             V4              0
             V5              0


Number of Resistor models: 1
          name R level 1 (Resistor)
          type                
         level               1
           TNOM             27
           DEFW          1e-05
              R              1
            RSH              0
            TCE              0
            TC2              0
         NARROW              0

            TC1              0

Number of Resistor instances: 2
          name              RB             RC
         model R level 1 (Resistor)R level 1 (Resistor)
            TC2              0              0
            TC1              0              0
              W          1e-05          1e-05
              L              0              0
            TCE              0              0
              M              1              1
          DTEMP              0              0
           TEMP             27             27
              R         200000           1000

------------------------------------------------------------

***** Solution Summary *****
	Number Successful Steps Taken:		1
	Number Failed Steps Attempted:		0
	Number Jacobians Evaluated:		4
	Number Linear Solves:			4
	Number Failed Linear Solves:		0
	Number Residual Evaluations:		5
	Number Nonlinear Convergence Failures:	0
	Total Residual Load Time:		0.000124693 seconds
	Total Jacobian Load Time:		4.1008e-05 seconds
	Total Linear Solution Time:		0.00269008 seconds


***** Total Simulation Solvers Run Time: 0.073827 seconds
***** Total Elapsed Run Time:            0.127961 seconds
*****
***** End of Xyce(TM) Simulation
*****

Timing summary of 1 processor
                 Stats                   Count       CPU Time              Wall Time
---------------------------------------- ----- --------------------- ---------------------
Xyce                                         1        0.007 (100.0%)        0.133 (100.0%)
  Analysis                                   1        0.000 ( 5.46%)        0.070 (52.57%)
    DC Sweep                                 1        0.000 ( 5.43%)        0.070 (52.38%)
      Solve                                  1        0.000 ( 0.32%)        0.007 ( 5.39%)
        Residual                             5        0.000 ( 0.09%)        0.000 ( 0.10%)
        Jacobian                             4        0.000 ( 0.09%)        0.000 ( 0.03%)
        Linear Solve                         4        0.000 ( 0.00%)        0.003 ( 2.03%)
      Successful Step                        1        0.000 ( 4.98%)        0.061 (45.96%)
  Netlist Import                             1        0.001 (14.07%)        0.025 (18.81%)
    Parse Context                            1        0.000 ( 5.46%)        0.006 ( 4.55%)
    Distribute Devices                       1        0.000 ( 0.00%)        0.007 ( 4.93%)
    Verify Devices                           1        0.000 ( 0.00%)        0.000 ( 0.18%)
    Instantiate                              1        0.000 ( 0.00%)        0.002 ( 1.17%)
  Late Initialization                        1        0.000 ( 5.62%)        0.013 ( 9.62%)
    Global Indices                           1        0.000 ( 1.35%)        0.001 ( 0.79%)
  Setup Matrix Structure                     1        0.000 ( 3.40%)        0.005 ( 3.98%)

[2026-06-11 12:05:47] OK -> deck.qraw
